Run data: /home/magnus/OpenFOAM/magnus-v2412/run/assignment_3_expansion_contraction/postprocess/data
Both indicators use axis CSVs; y+ medians use wall CSVs.
Mesh counts and geometry: case_design/case_params.json
Contraction K uses extrapolated step pressures, small-pipe bulk velocity and alpha = 1.
GCI fine refers to the finer mesh in each pair (rows 2 and 3).

──────────────────────────────────────────────────────────────────────────────────────────────────────────────
Indicator: Inlet Darcy friction factor
Apparent order (absolute-value formula): 2.750123
  mesh     n   h [mm] phi = X_n            r yPlus med.  phi_ext    e_a e_ext GCI fine    p            grid trend
coarse  7200 12.90994  0.031112                    1.72                                                          
medium 16033  8.65134  0.027733 r_21 = 1.492       1.08 0.026050 12.18% 6.46%   7.589%                           
  fine 36000  5.77350  0.026603 r_32 = 1.498       0.69 0.026050  4.25% 2.13%   2.602% 2.75 Monotonic convergence

──────────────────────────────────────────────────────────────────────────────────────────────────────────────
Indicator: Contraction loss coefficient K
GCI unavailable: oscillatory grid sequence; monotonic extrapolation is not applicable.
  mesh     n   h [mm] phi = X_n            r yPlus med. phi_ext   e_a e_ext GCI fine   p  grid trend
coarse  7200 12.90994  0.586205                    1.72                                             
medium 16033  8.65134  0.607216 r_21 = 1.492       1.08     N/A 3.46%   N/A      N/A                
  fine 36000  5.77350  0.597854 r_32 = 1.498       0.69     N/A 1.57%   N/A      N/A N/A Oscillatory
Saved /home/magnus/OpenFOAM/magnus-v2412/run/assignment_3_expansion_contraction/postprocess/tables/gci.csv
Saved /home/magnus/OpenFOAM/magnus-v2412/run/assignment_3_expansion_contraction/postprocess/tables/pressure_gci.csv
Pressure local order: 0.290368 to 3.396225; average = 1.611554 (1200/1200 points)
Pressure grid trends: {'Monotonic convergence': 1200}
Maximum absolute pressure GCI: 0.356832 m2/s2
Profile bars use the mean order; they do not establish local convergence.
Saved /home/magnus/OpenFOAM/magnus-v2412/run/assignment_3_expansion_contraction/postprocess/figs/pressure_gci.png
