  mesh        station  x [m] solution_time  u_tau [m/s]  tau_x/rho [m2/s2]  wall_cell_yplus     Re_tau  Darcy_f_from_wall  integrated_Ubulk [m/s]  bulk_error [%]  max_radial_speed/Ubulk [%]  sublayer_RMS_relative [%]  log_layer_RMS_uplus  sublayer_samples  log_layer_samples
coarse   expansion_3D    2.7          2454     0.118798          -0.014113         1.045741 593.625764           0.028226                1.999068       -0.046600                    0.029207                   1.066798             0.673234                32                 28
coarse contraction_3D   11.4          2454     0.034772          -0.001209         1.117363 347.511549           0.038692                0.499816       -0.036839                    0.040732                   0.902199             0.420821                31                 17
medium   expansion_3D    2.7           167     0.115142          -0.013258         0.675841 575.358740           0.026515                1.999569       -0.021561                    0.029024                   0.811818             0.179133                42                 28
medium contraction_3D   11.4           167     0.033535          -0.001125         0.718661 335.146031           0.035987                0.499919       -0.016296                    0.039484                   0.621112             0.196209                40                 17
  fine   expansion_3D    2.7           131     0.113912          -0.012976         0.445807 569.213479           0.025952                1.999641       -0.017929                    0.026766                   0.378378             0.266226                50                 28
  fine contraction_3D   11.4           131     0.033234          -0.001105         0.474921 332.137821           0.035344                0.499944       -0.011200                    0.038556                   0.604376             0.357846                48                 16
  mesh        step comparison  area_weighted_RMS/Ubulk [%]  maximum_difference/Ubulk [%]
coarse   expansion   3D vs 4D                     0.151436                      0.458002
coarse   expansion   3D vs 2D                     0.143997                      0.866593
coarse contraction   3D vs 4D                     0.141108                      0.247388
coarse contraction   3D vs 2D                     0.497482                      0.926176
medium   expansion   3D vs 4D                     0.149925                      0.468707
medium   expansion   3D vs 2D                     0.142115                      0.460123
medium contraction   3D vs 4D                     0.134666                      0.239588
medium contraction   3D vs 2D                     0.463736                      0.946432
  fine   expansion   3D vs 4D                     0.137510                      0.439780
  fine   expansion   3D vs 2D                     0.134414                      0.426385
  fine contraction   3D vs 4D                     0.128891                      0.232951
  fine contraction   3D vs 2D                     0.445792                      0.844054
Tables: /home/magnus/OpenFOAM/magnus-v2412/run/assignment_3_expansion_contraction/postprocess/tables
Figures: /home/magnus/OpenFOAM/magnus-v2412/run/assignment_3_expansion_contraction/postprocess/figs
